
Memory Configuration

Name             Origin             Length             Attributes
FLASH            0x08000000         0x00100000         xr
SRAM             0x20000000         0x00020000         xrw
*default*        0x00000000         0xffffffff

Linker script and memory map

LOAD main.o
LOAD led.o
LOAD stm32_startup.o

.text           0x08000000      0x234
 *(.isr_vector)
 .isr_vector    0x08000000      0x18c stm32_startup.o
                0x08000000                vectors
 *(.text)
 .text          0x0800018c        0x6 main.o
                0x0800018c                main
 .text          0x08000192        0xc led.o
                0x08000192                init_led
 *fill*         0x0800019e        0x2 
 .text          0x080001a0       0x90 stm32_startup.o
                0x080001a0                RTC_WKUP_Handler
                0x080001a0                FLASH_Handler
                0x080001a0                SVCall_Handler
                0x080001a0                DMA2_Stream7_Handler
                0x080001a0                OTG_HS_Handler
                0x080001a0                Systick_Handler
                0x080001a0                HardFault_Handler
                0x080001a0                USART3_Handler
                0x080001a0                PendSV_Handler
                0x080001a0                NMI_Handler
                0x080001a0                TIM6_DAC_Handler
                0x080001a0                CAN1_RX1_Handler
                0x080001a0                EXTI15_10_Handler
                0x080001a0                ADC_Handler
                0x080001a0                I2C1_EV_Handler
                0x080001a0                TAMP_STAMP_Handler
                0x080001a0                I2C3_ER_Handler
                0x080001a0                WWDG_Handler
                0x080001a0                EXTI4_Handler
                0x080001a0                I2C3_EV_Handler
                0x080001a0                DMA1_Stream1_Handler
                0x080001a0                DMA1_Stream7_Handler
                0x080001a0                OTG_FS_Handler
                0x080001a0                I2C1_ER_Handler
                0x080001a0                OTG_HD_EP1_OUT_Handler
                0x080001a0                DMA1_Stream3_Handler
                0x080001a0                UsageFault_Handler
                0x080001a0                TIM1_UP_TIM10_Handler
                0x080001a0                CAN1_RX0_Handler
                0x080001a0                TIM1_CC_Handler
                0x080001a0                I2C2_ER_Handler
                0x080001a0                USART6_Handler
                0x080001a0                TIM8_CC_Handler
                0x080001a0                DMA2_Steam2_Handler
                0x080001a0                CAN1_SCE_Handler
                0x080001a0                DMA1_Stream0_Handler
                0x080001a0                DMA2_Steam1_Handler
                0x080001a0                EXTI1_Handler
                0x080001a0                FMC_Handler
                0x080001a0                EXTI3_Handler
                0x080001a0                DMA2_Steam3_Handler
                0x080001a0                EXTI2_Handler
                0x080001a0                UART4_Handler
                0x080001a0                CAN2_RX1_Handler
                0x080001a0                EXTI9_5_Handler
                0x080001a0                TIM2_Handler
                0x080001a0                USART1_Handler
                0x080001a0                CAN2_SCE_Handler
                0x080001a0                TIM3_Handler
                0x080001a0                DMA2_Stream6_Handler
                0x080001a0                Default_Handler
                0x080001a0                DCMI_Handler
                0x080001a0                TIM1_TRG_COM_TIM11_Handler
                0x080001a0                RTC_Alarm_Handler
                0x080001a0                TIM4_Handler
                0x080001a0                TIM8_UP_TIM13_Handler
                0x080001a0                CAN2_TX_Handler
                0x080001a0                SPI2_Handler
                0x080001a0                DMA2_Steam4_Handler
                0x080001a0                DMA1_Stream2_Handler
                0x080001a0                EXTI0_Handler
                0x080001a0                TIM8_BRK_TIM12_Handler
                0x080001a0                CAN2_RX0_Handler
                0x080001a0                DMA2_Stream5_Handler
                0x080001a0                DMA1_Stream6_Handler
                0x080001a0                SDIO_Handler
                0x080001a0                USART2_Handler
                0x080001a0                SPI1_Handler
                0x080001a0                TIM1_BRK_TIM0_Handler
                0x080001a0                I2C2_EV_Handler
                0x080001a0                SPI3_Handler
                0x080001a0                RCC_Handler
                0x080001a0                PVD_Handler
                0x080001a0                UART5_Handler
                0x080001a0                DMA1_Stream5_Handler
                0x080001a0                TIM5_Handler
                0x080001a0                TIM7_Handler
                0x080001a0                TIM8_TRG_COM_TIM14_Handler
                0x080001a0                CAN1_TX_Handler
                0x080001a0                FPU_Handler
                0x080001a0                BusFault_Handler
                0x080001a0                OTG_HD_EP1_IN_Handler
                0x080001a0                DMA2_Steam0_Handler
                0x080001a0                DMA1_Stream4_Handler
                0x080001a0                DebugMonitor_Handler
                0x080001a0                MimManage_Handler
                0x080001a0                OTG_FS_WKUP_Handler
                0x080001ac                Reset_Handler
 *(.rodata)
 .rodata        0x08000230        0x3 main.o
                0x08000230                c1
                0x08000231                c2
                0x08000232                c3
                0x08000234                . = ALIGN (0x4)
 *fill*         0x08000233        0x1 
                0x08000234                _etext = .

.glue_7         0x08000234        0x0
 .glue_7        0x08000234        0x0 linker stubs

.glue_7t        0x08000234        0x0
 .glue_7t       0x08000234        0x0 linker stubs

.vfp11_veneer   0x08000234        0x0
 .vfp11_veneer  0x08000234        0x0 linker stubs

.v4_bx          0x08000234        0x0
 .v4_bx         0x08000234        0x0 linker stubs

.iplt           0x08000234        0x0
 .iplt          0x08000234        0x0 stm32_startup.o

.rel.dyn        0x08000234        0x0
 .rel.iplt      0x08000234        0x0 stm32_startup.o

.data           0x20000000        0x4 load address 0x08000234
                0x20000000                _sdata = .
 *(.data)
 .data          0x20000000        0x1 main.o
                0x20000000                test_val
 .data          0x20000001        0x0 led.o
 .data          0x20000001        0x0 stm32_startup.o
                0x20000004                . = ALIGN (0x4)
 *fill*         0x20000001        0x3 
                0x20000004                _edata = .

.igot.plt       0x20000004        0x0 load address 0x08000238
 .igot.plt      0x20000004        0x0 stm32_startup.o

.bss            0x20000004        0x0 load address 0x08000238
                0x20000004                _sbss = .
 *(.bss)
 .bss           0x20000004        0x0 main.o
 .bss           0x20000004        0x0 led.o
 .bss           0x20000004        0x0 stm32_startup.o
 *(COMMON)
                0x20000004                . = ALIGN (0x4)
                0x20000004                _ebss = .
OUTPUT(final.elf elf32-littlearm)

.comment        0x00000000       0x57
 .comment       0x00000000       0x57 main.o
                                 0x58 (size before relaxing)
 .comment       0x00000057       0x58 led.o
 .comment       0x00000057       0x58 stm32_startup.o

.ARM.attributes
                0x00000000       0x33
 .ARM.attributes
                0x00000000       0x33 main.o
 .ARM.attributes
                0x00000033       0x33 led.o
 .ARM.attributes
                0x00000066       0x33 stm32_startup.o
